// Vitest Snapshot v1, https://vitest.dev/guide/snapshot.html

exports[`Link > renders NuxtLink with slot correctly 1`] = `"<a>nuxtlink slot</a>"`;

exports[`Link > renders NuxtLink with to prop correctly 1`] = `"<a></a>"`;

exports[`Link > renders basic case correctly 1`] = `"<button type="button"></button>"`;

exports[`Link > renders disabled set to true correctly 1`] = `"<button type="button" disabled=""></button>"`;

exports[`Link > renders with <component as slot correctly 1`] = `"<a type="button">component slot</a>"`;

exports[`Link > renders with active correctly 1`] = `"<a class="text-sm"></a>"`;

exports[`Link > renders with custom as prop correctly 1`] = `"<a type="button"></a>"`;

exports[`Link > renders with custom type prop correctly 1`] = `"<button type="submit"></button>"`;

exports[`Link > renders with inactive correctly 1`] = `"<a class="text-gray-300"></a>"`;
