// Vitest Snapshot v1, https://vitest.dev/guide/snapshot.html

exports[`Avatar > renders with alt correctly 1`] = `"<span class="inline-flex items-center justify-center shrink-0 select-none overflow-hidden rounded-full align-middle bg-gray-100 dark:bg-gray-800 size-8 text-base"><!--v-if--><span class="font-medium leading-none text-gray-500 dark:text-gray-400 truncate">BC</span></span>"`;

exports[`Avatar > renders with class correctly 1`] = `"<span class="inline-flex items-center justify-center shrink-0 select-none overflow-hidden rounded-full align-middle size-8 text-base bg-white dark:bg-gray-900"><!--v-if--><span class="font-medium leading-none text-gray-500 dark:text-gray-400 truncate"></span></span>"`;

exports[`Avatar > renders with icon correctly 1`] = `"<span class="inline-flex items-center justify-center shrink-0 select-none overflow-hidden rounded-full align-middle bg-gray-100 dark:bg-gray-800 size-8 text-base"><!--v-if--><svg data-v-9533427c="" xmlns="http://www.w3.org/2000/svg" xmlns:xlink="http://www.w3.org/1999/xlink" aria-hidden="true" role="img" class="icon text-gray-500 dark:text-gray-400 shrink-0" width="1em" height="1em" viewBox="0 0 24 24"><path fill="none" stroke="currentColor" stroke-linecap="round" stroke-linejoin="round" stroke-width="1.5" d="m2.25 15.75l5.159-5.159a2.25 2.25 0 0 1 3.182 0l5.159 5.159m-1.5-1.5l1.409-1.409a2.25 2.25 0 0 1 3.182 0l2.909 2.909m-18 3.75h16.5a1.5 1.5 0 0 0 1.5-1.5V6a1.5 1.5 0 0 0-1.5-1.5H3.75A1.5 1.5 0 0 0 2.25 6v12a1.5 1.5 0 0 0 1.5 1.5m10.5-11.25h.008v.008h-.008zm.375 0a.375.375 0 1 1-.75 0a.375.375 0 0 1 .75 0"></path></svg></span>"`;

exports[`Avatar > renders with size 2xl correctly 1`] = `"<span class="inline-flex items-center justify-center shrink-0 select-none overflow-hidden rounded-full align-middle bg-gray-100 dark:bg-gray-800 size-11 text-[22px]"><img role="img" src="https://avatars.githubusercontent.com/u/739984?v=4" class="h-full w-full rounded-[inherit] object-cover" style="display: none;"><span class="font-medium leading-none text-gray-500 dark:text-gray-400 truncate"></span></span>"`;

exports[`Avatar > renders with size 2xs correctly 1`] = `"<span class="inline-flex items-center justify-center shrink-0 select-none overflow-hidden rounded-full align-middle bg-gray-100 dark:bg-gray-800 size-5 text-[10px]"><img role="img" src="https://avatars.githubusercontent.com/u/739984?v=4" class="h-full w-full rounded-[inherit] object-cover" style="display: none;"><span class="font-medium leading-none text-gray-500 dark:text-gray-400 truncate"></span></span>"`;

exports[`Avatar > renders with size 3xl correctly 1`] = `"<span class="inline-flex items-center justify-center shrink-0 select-none overflow-hidden rounded-full align-middle bg-gray-100 dark:bg-gray-800 size-12 text-2xl"><img role="img" src="https://avatars.githubusercontent.com/u/739984?v=4" class="h-full w-full rounded-[inherit] object-cover" style="display: none;"><span class="font-medium leading-none text-gray-500 dark:text-gray-400 truncate"></span></span>"`;

exports[`Avatar > renders with size 3xs correctly 1`] = `"<span class="inline-flex items-center justify-center shrink-0 select-none overflow-hidden rounded-full align-middle bg-gray-100 dark:bg-gray-800 size-4 text-[8px]"><img role="img" src="https://avatars.githubusercontent.com/u/739984?v=4" class="h-full w-full rounded-[inherit] object-cover" style="display: none;"><span class="font-medium leading-none text-gray-500 dark:text-gray-400 truncate"></span></span>"`;

exports[`Avatar > renders with size lg correctly 1`] = `"<span class="inline-flex items-center justify-center shrink-0 select-none overflow-hidden rounded-full align-middle bg-gray-100 dark:bg-gray-800 size-9 text-lg"><img role="img" src="https://avatars.githubusercontent.com/u/739984?v=4" class="h-full w-full rounded-[inherit] object-cover" style="display: none;"><span class="font-medium leading-none text-gray-500 dark:text-gray-400 truncate"></span></span>"`;

exports[`Avatar > renders with size md correctly 1`] = `"<span class="inline-flex items-center justify-center shrink-0 select-none overflow-hidden rounded-full align-middle bg-gray-100 dark:bg-gray-800 size-8 text-base"><img role="img" src="https://avatars.githubusercontent.com/u/739984?v=4" class="h-full w-full rounded-[inherit] object-cover" style="display: none;"><span class="font-medium leading-none text-gray-500 dark:text-gray-400 truncate"></span></span>"`;

exports[`Avatar > renders with size sm correctly 1`] = `"<span class="inline-flex items-center justify-center shrink-0 select-none overflow-hidden rounded-full align-middle bg-gray-100 dark:bg-gray-800 size-7 text-sm"><img role="img" src="https://avatars.githubusercontent.com/u/739984?v=4" class="h-full w-full rounded-[inherit] object-cover" style="display: none;"><span class="font-medium leading-none text-gray-500 dark:text-gray-400 truncate"></span></span>"`;

exports[`Avatar > renders with size xl correctly 1`] = `"<span class="inline-flex items-center justify-center shrink-0 select-none overflow-hidden rounded-full align-middle bg-gray-100 dark:bg-gray-800 size-10 text-xl"><img role="img" src="https://avatars.githubusercontent.com/u/739984?v=4" class="h-full w-full rounded-[inherit] object-cover" style="display: none;"><span class="font-medium leading-none text-gray-500 dark:text-gray-400 truncate"></span></span>"`;

exports[`Avatar > renders with size xs correctly 1`] = `"<span class="inline-flex items-center justify-center shrink-0 select-none overflow-hidden rounded-full align-middle bg-gray-100 dark:bg-gray-800 size-6 text-xs"><img role="img" src="https://avatars.githubusercontent.com/u/739984?v=4" class="h-full w-full rounded-[inherit] object-cover" style="display: none;"><span class="font-medium leading-none text-gray-500 dark:text-gray-400 truncate"></span></span>"`;

exports[`Avatar > renders with src correctly 1`] = `"<span class="inline-flex items-center justify-center shrink-0 select-none overflow-hidden rounded-full align-middle bg-gray-100 dark:bg-gray-800 size-8 text-base"><img role="img" src="https://avatars.githubusercontent.com/u/739984?v=4" class="h-full w-full rounded-[inherit] object-cover" style="display: none;"><span class="font-medium leading-none text-gray-500 dark:text-gray-400 truncate"></span></span>"`;

exports[`Avatar > renders with text correctly 1`] = `"<span class="inline-flex items-center justify-center shrink-0 select-none overflow-hidden rounded-full align-middle bg-gray-100 dark:bg-gray-800 size-8 text-base"><!--v-if--><span class="font-medium leading-none text-gray-500 dark:text-gray-400 truncate">+1</span></span>"`;

exports[`Avatar > renders with ui correctly 1`] = `"<span class="inline-flex items-center justify-center shrink-0 select-none overflow-hidden rounded-full align-middle bg-gray-100 dark:bg-gray-800 size-8 text-base"><!--v-if--><span class="leading-none text-gray-500 dark:text-gray-400 truncate font-bold"></span></span>"`;
