// Vitest Snapshot v1, https://vitest.dev/guide/snapshot.html

exports[`DashboardGroup > renders with as correctly 1`] = `"<section class="fixed inset-0 flex overflow-hidden"></section>"`;

exports[`DashboardGroup > renders with class correctly 1`] = `"<div class="fixed flex overflow-hidden inset-4"></div>"`;

exports[`DashboardGroup > renders with default slot correctly 1`] = `"<div class="fixed inset-0 flex overflow-hidden">Default slot</div>"`;
