// Vitest Snapshot v1, https://vitest.dev/guide/snapshot.html

exports[`User > renders with as correctly 1`] = `
"<section data-orientation="horizontal" data-slot="user" class="relative group/user gap-(--ui-control-gap) flex items-center [--ui-control-gap:--spacing(2)]"><span data-slot="user-avatar" class="inline-flex items-center justify-center select-none rounded-full align-middle bg-accent-soft size-(--ui-control-size) [--ui-accent:var(--ui-neutral)] [--ui-control-size:--spacing(8)] text-base shrink-0"><img src="https://github.com/benjamincanac.png" alt="User avatar" width="32" height="32" data-slot="avatar-image" class="size-full rounded-[inherit] object-cover"></span>
  <div data-slot="user-wrapper" class="">
    <!--v-if-->
    <p data-slot="user-name" class="font-medium text-strong text-sm">Benjamin Canac</p>
    <p data-slot="user-description" class="text-muted text-xs">Software Engineer</p>
  </div>
</section>"
`;

exports[`User > renders with avatar correctly 1`] = `
"<div data-orientation="horizontal" data-slot="user" class="relative group/user gap-(--ui-control-gap) flex items-center [--ui-control-gap:--spacing(2)]"><span data-slot="user-avatar" class="inline-flex items-center justify-center select-none rounded-full align-middle bg-accent-soft size-(--ui-control-size) [--ui-accent:var(--ui-neutral)] [--ui-control-size:--spacing(8)] text-base shrink-0"><img src="https://github.com/benjamincanac.png" alt="User avatar" width="32" height="32" data-slot="avatar-image" class="size-full rounded-[inherit] object-cover"></span>
  <div data-slot="user-wrapper" class="">
    <!--v-if-->
    <p data-slot="user-name" class="font-medium text-strong text-sm">Benjamin Canac</p>
    <p data-slot="user-description" class="text-muted text-xs">Software Engineer</p>
  </div>
</div>"
`;

exports[`User > renders with avatar slot correctly 1`] = `
"<div data-orientation="horizontal" data-slot="user" class="relative group/user gap-(--ui-control-gap) flex items-center [--ui-control-gap:--spacing(2)]">Avatar slot<div data-slot="user-wrapper" class="">
    <!--v-if-->
    <p data-slot="user-name" class="font-medium text-strong text-sm">Benjamin Canac</p>
    <p data-slot="user-description" class="text-muted text-xs">Software Engineer</p>
  </div>
</div>"
`;

exports[`User > renders with chip correctly 1`] = `
"<div data-orientation="horizontal" data-slot="user" class="relative group/user gap-(--ui-control-gap) flex items-center [--ui-control-gap:--spacing(2)]">
  <div data-slot="chip" class="relative inline-flex items-center justify-center shrink-0"><span data-slot="user-avatar" class="inline-flex items-center justify-center select-none rounded-full align-middle bg-accent-soft size-(--ui-control-size) [--ui-accent:var(--ui-success)] [--ui-control-size:--spacing(8)] text-base shrink-0"><img src="https://github.com/benjamincanac.png" alt="User avatar" width="32" height="32" data-slot="avatar-image" class="size-full rounded-[inherit] object-cover"></span><span data-slot="chip-base" class="rounded-full ring ring-bg flex items-center justify-center text-accent-contrast font-medium whitespace-nowrap bg-accent h-(--ui-control-size) min-w-(--ui-control-size) [--ui-accent:var(--ui-success)] [--ui-control-size:8px] text-[8px] top-0 right-0 absolute"></span></div>
  <div data-slot="user-wrapper" class="">
    <!--v-if-->
    <p data-slot="user-name" class="font-medium text-strong text-sm">Benjamin Canac</p>
    <p data-slot="user-description" class="text-muted text-xs">Software Engineer</p>
  </div>
</div>"
`;

exports[`User > renders with class correctly 1`] = `
"<div data-orientation="horizontal" data-slot="user" class="group/user gap-(--ui-control-gap) flex items-center [--ui-control-gap:--spacing(2)] absolute"><span data-slot="user-avatar" class="inline-flex items-center justify-center select-none rounded-full align-middle bg-accent-soft size-(--ui-control-size) [--ui-accent:var(--ui-neutral)] [--ui-control-size:--spacing(8)] text-base shrink-0"><img src="https://github.com/benjamincanac.png" alt="User avatar" width="32" height="32" data-slot="avatar-image" class="size-full rounded-[inherit] object-cover"></span>
  <div data-slot="user-wrapper" class="">
    <!--v-if-->
    <p data-slot="user-name" class="font-medium text-strong text-sm">Benjamin Canac</p>
    <p data-slot="user-description" class="text-muted text-xs">Software Engineer</p>
  </div>
</div>"
`;

exports[`User > renders with default slot correctly 1`] = `
"<div data-orientation="horizontal" data-slot="user" class="relative group/user gap-(--ui-control-gap) flex items-center [--ui-control-gap:--spacing(2)]"><span data-slot="user-avatar" class="inline-flex items-center justify-center select-none rounded-full align-middle bg-accent-soft size-(--ui-control-size) [--ui-accent:var(--ui-neutral)] [--ui-control-size:--spacing(8)] text-base shrink-0"><img src="https://github.com/benjamincanac.png" alt="User avatar" width="32" height="32" data-slot="avatar-image" class="size-full rounded-[inherit] object-cover"></span>
  <div data-slot="user-wrapper" class="">
    <!--v-if-->Default slot
  </div>
</div>"
`;

exports[`User > renders with description correctly 1`] = `
"<div data-orientation="horizontal" data-slot="user" class="relative group/user gap-(--ui-control-gap) flex items-center [--ui-control-gap:--spacing(2)]">
  <!--v-if-->
  <div data-slot="user-wrapper" class="">
    <!--v-if-->
    <p data-slot="user-name" class="font-medium text-strong text-sm">Benjamin Canac</p>
    <p data-slot="user-description" class="text-muted text-xs">Software Engineer</p>
  </div>
</div>"
`;

exports[`User > renders with description slot correctly 1`] = `
"<div data-orientation="horizontal" data-slot="user" class="relative group/user gap-(--ui-control-gap) flex items-center [--ui-control-gap:--spacing(2)]"><span data-slot="user-avatar" class="inline-flex items-center justify-center select-none rounded-full align-middle bg-accent-soft size-(--ui-control-size) [--ui-accent:var(--ui-neutral)] [--ui-control-size:--spacing(8)] text-base shrink-0"><img src="https://github.com/benjamincanac.png" alt="User avatar" width="32" height="32" data-slot="avatar-image" class="size-full rounded-[inherit] object-cover"></span>
  <div data-slot="user-wrapper" class="">
    <!--v-if-->
    <p data-slot="user-name" class="font-medium text-strong text-sm">Benjamin Canac</p>
    <p data-slot="user-description" class="text-muted text-xs">Description slot</p>
  </div>
</div>"
`;

exports[`User > renders with name correctly 1`] = `
"<div data-orientation="horizontal" data-slot="user" class="relative group/user gap-(--ui-control-gap) flex items-center [--ui-control-gap:--spacing(2)]">
  <!--v-if-->
  <div data-slot="user-wrapper" class="">
    <!--v-if-->
    <p data-slot="user-name" class="font-medium text-strong text-sm">Benjamin Canac</p>
    <!--v-if-->
  </div>
</div>"
`;

exports[`User > renders with name slot correctly 1`] = `
"<div data-orientation="horizontal" data-slot="user" class="relative group/user gap-(--ui-control-gap) flex items-center [--ui-control-gap:--spacing(2)]"><span data-slot="user-avatar" class="inline-flex items-center justify-center select-none rounded-full align-middle bg-accent-soft size-(--ui-control-size) [--ui-accent:var(--ui-neutral)] [--ui-control-size:--spacing(8)] text-base shrink-0"><img src="https://github.com/benjamincanac.png" alt="User avatar" width="32" height="32" data-slot="avatar-image" class="size-full rounded-[inherit] object-cover"></span>
  <div data-slot="user-wrapper" class="">
    <!--v-if-->
    <p data-slot="user-name" class="font-medium text-strong text-sm">Name slot</p>
    <p data-slot="user-description" class="text-muted text-xs">Software Engineer</p>
  </div>
</div>"
`;

exports[`User > renders with orientation horizontal correctly 1`] = `
"<div data-orientation="horizontal" data-slot="user" class="relative group/user gap-(--ui-control-gap) flex items-center [--ui-control-gap:--spacing(2)]"><span data-slot="user-avatar" class="inline-flex items-center justify-center select-none rounded-full align-middle bg-accent-soft size-(--ui-control-size) [--ui-accent:var(--ui-neutral)] [--ui-control-size:--spacing(8)] text-base shrink-0"><img src="https://github.com/benjamincanac.png" alt="User avatar" width="32" height="32" data-slot="avatar-image" class="size-full rounded-[inherit] object-cover"></span>
  <div data-slot="user-wrapper" class="">
    <!--v-if-->
    <p data-slot="user-name" class="font-medium text-strong text-sm">Benjamin Canac</p>
    <p data-slot="user-description" class="text-muted text-xs">Software Engineer</p>
  </div>
</div>"
`;

exports[`User > renders with orientation vertical correctly 1`] = `
"<div data-orientation="vertical" data-slot="user" class="relative group/user gap-(--ui-control-gap) flex flex-col [--ui-control-gap:--spacing(2)]"><span data-slot="user-avatar" class="inline-flex items-center justify-center select-none rounded-full align-middle bg-accent-soft size-(--ui-control-size) [--ui-accent:var(--ui-neutral)] [--ui-control-size:--spacing(8)] text-base shrink-0"><img src="https://github.com/benjamincanac.png" alt="User avatar" width="32" height="32" data-slot="avatar-image" class="size-full rounded-[inherit] object-cover"></span>
  <div data-slot="user-wrapper" class="">
    <!--v-if-->
    <p data-slot="user-name" class="font-medium text-strong text-sm">Benjamin Canac</p>
    <p data-slot="user-description" class="text-muted text-xs">Software Engineer</p>
  </div>
</div>"
`;

exports[`User > renders with size 2xl correctly 1`] = `
"<div data-orientation="horizontal" data-slot="user" class="relative group/user gap-(--ui-control-gap) flex items-center [--ui-control-gap:--spacing(3)]"><span data-slot="user-avatar" class="inline-flex items-center justify-center select-none rounded-full align-middle bg-accent-soft size-(--ui-control-size) [--ui-accent:var(--ui-neutral)] [--ui-control-size:--spacing(11)] text-[22px] shrink-0"><img src="https://github.com/benjamincanac.png" alt="User avatar" width="44" height="44" data-slot="avatar-image" class="size-full rounded-[inherit] object-cover"></span>
  <div data-slot="user-wrapper" class="">
    <!--v-if-->
    <p data-slot="user-name" class="font-medium text-strong text-base">Benjamin Canac</p>
    <p data-slot="user-description" class="text-muted text-base">Software Engineer</p>
  </div>
</div>"
`;

exports[`User > renders with size 2xs correctly 1`] = `
"<div data-orientation="horizontal" data-slot="user" class="relative group/user gap-(--ui-control-gap) flex items-center [--ui-control-gap:--spacing(1.5)]"><span data-slot="user-avatar" class="inline-flex items-center justify-center select-none rounded-full align-middle bg-accent-soft size-(--ui-control-size) [--ui-accent:var(--ui-neutral)] [--ui-control-size:--spacing(5)] text-[10px] shrink-0"><img src="https://github.com/benjamincanac.png" alt="User avatar" width="20" height="20" data-slot="avatar-image" class="size-full rounded-[inherit] object-cover"></span>
  <div data-slot="user-wrapper" class="flex items-center gap-(--ui-control-gap)">
    <!--v-if-->
    <p data-slot="user-name" class="font-medium text-strong text-xs">Benjamin Canac</p>
    <p data-slot="user-description" class="text-muted text-xs">Software Engineer</p>
  </div>
</div>"
`;

exports[`User > renders with size 3xl correctly 1`] = `
"<div data-orientation="horizontal" data-slot="user" class="relative group/user gap-(--ui-control-gap) flex items-center [--ui-control-gap:--spacing(3)]"><span data-slot="user-avatar" class="inline-flex items-center justify-center select-none rounded-full align-middle bg-accent-soft size-(--ui-control-size) [--ui-accent:var(--ui-neutral)] [--ui-control-size:--spacing(12)] text-2xl shrink-0"><img src="https://github.com/benjamincanac.png" alt="User avatar" width="48" height="48" data-slot="avatar-image" class="size-full rounded-[inherit] object-cover"></span>
  <div data-slot="user-wrapper" class="">
    <!--v-if-->
    <p data-slot="user-name" class="font-medium text-strong text-lg">Benjamin Canac</p>
    <p data-slot="user-description" class="text-muted text-base">Software Engineer</p>
  </div>
</div>"
`;

exports[`User > renders with size 3xs correctly 1`] = `
"<div data-orientation="horizontal" data-slot="user" class="relative group/user gap-(--ui-control-gap) flex items-center [--ui-control-gap:--spacing(1)]"><span data-slot="user-avatar" class="inline-flex items-center justify-center select-none rounded-full align-middle bg-accent-soft size-(--ui-control-size) [--ui-accent:var(--ui-neutral)] [--ui-control-size:--spacing(4)] text-[8px] shrink-0"><img src="https://github.com/benjamincanac.png" alt="User avatar" width="16" height="16" data-slot="avatar-image" class="size-full rounded-[inherit] object-cover"></span>
  <div data-slot="user-wrapper" class="flex items-center gap-(--ui-control-gap)">
    <!--v-if-->
    <p data-slot="user-name" class="font-medium text-strong text-xs">Benjamin Canac</p>
    <p data-slot="user-description" class="text-muted text-xs">Software Engineer</p>
  </div>
</div>"
`;

exports[`User > renders with size lg correctly 1`] = `
"<div data-orientation="horizontal" data-slot="user" class="relative group/user gap-(--ui-control-gap) flex items-center [--ui-control-gap:--spacing(2.5)]"><span data-slot="user-avatar" class="inline-flex items-center justify-center select-none rounded-full align-middle bg-accent-soft size-(--ui-control-size) [--ui-accent:var(--ui-neutral)] [--ui-control-size:--spacing(9)] text-lg shrink-0"><img src="https://github.com/benjamincanac.png" alt="User avatar" width="36" height="36" data-slot="avatar-image" class="size-full rounded-[inherit] object-cover"></span>
  <div data-slot="user-wrapper" class="">
    <!--v-if-->
    <p data-slot="user-name" class="font-medium text-strong text-sm">Benjamin Canac</p>
    <p data-slot="user-description" class="text-muted text-sm">Software Engineer</p>
  </div>
</div>"
`;

exports[`User > renders with size md correctly 1`] = `
"<div data-orientation="horizontal" data-slot="user" class="relative group/user gap-(--ui-control-gap) flex items-center [--ui-control-gap:--spacing(2)]"><span data-slot="user-avatar" class="inline-flex items-center justify-center select-none rounded-full align-middle bg-accent-soft size-(--ui-control-size) [--ui-accent:var(--ui-neutral)] [--ui-control-size:--spacing(8)] text-base shrink-0"><img src="https://github.com/benjamincanac.png" alt="User avatar" width="32" height="32" data-slot="avatar-image" class="size-full rounded-[inherit] object-cover"></span>
  <div data-slot="user-wrapper" class="">
    <!--v-if-->
    <p data-slot="user-name" class="font-medium text-strong text-sm">Benjamin Canac</p>
    <p data-slot="user-description" class="text-muted text-xs">Software Engineer</p>
  </div>
</div>"
`;

exports[`User > renders with size sm correctly 1`] = `
"<div data-orientation="horizontal" data-slot="user" class="relative group/user gap-(--ui-control-gap) flex items-center [--ui-control-gap:--spacing(2)]"><span data-slot="user-avatar" class="inline-flex items-center justify-center select-none rounded-full align-middle bg-accent-soft size-(--ui-control-size) [--ui-accent:var(--ui-neutral)] [--ui-control-size:--spacing(7)] text-sm shrink-0"><img src="https://github.com/benjamincanac.png" alt="User avatar" width="28" height="28" data-slot="avatar-image" class="size-full rounded-[inherit] object-cover"></span>
  <div data-slot="user-wrapper" class="">
    <!--v-if-->
    <p data-slot="user-name" class="font-medium text-strong text-xs">Benjamin Canac</p>
    <p data-slot="user-description" class="text-muted text-xs">Software Engineer</p>
  </div>
</div>"
`;

exports[`User > renders with size xl correctly 1`] = `
"<div data-orientation="horizontal" data-slot="user" class="relative group/user gap-(--ui-control-gap) flex items-center [--ui-control-gap:--spacing(2.5)]"><span data-slot="user-avatar" class="inline-flex items-center justify-center select-none rounded-full align-middle bg-accent-soft size-(--ui-control-size) [--ui-accent:var(--ui-neutral)] [--ui-control-size:--spacing(10)] text-xl shrink-0"><img src="https://github.com/benjamincanac.png" alt="User avatar" width="40" height="40" data-slot="avatar-image" class="size-full rounded-[inherit] object-cover"></span>
  <div data-slot="user-wrapper" class="">
    <!--v-if-->
    <p data-slot="user-name" class="font-medium text-strong text-base">Benjamin Canac</p>
    <p data-slot="user-description" class="text-muted text-sm">Software Engineer</p>
  </div>
</div>"
`;

exports[`User > renders with size xs correctly 1`] = `
"<div data-orientation="horizontal" data-slot="user" class="relative group/user gap-(--ui-control-gap) flex items-center [--ui-control-gap:--spacing(1.5)]"><span data-slot="user-avatar" class="inline-flex items-center justify-center select-none rounded-full align-middle bg-accent-soft size-(--ui-control-size) [--ui-accent:var(--ui-neutral)] [--ui-control-size:--spacing(6)] text-xs shrink-0"><img src="https://github.com/benjamincanac.png" alt="User avatar" width="24" height="24" data-slot="avatar-image" class="size-full rounded-[inherit] object-cover"></span>
  <div data-slot="user-wrapper" class="flex items-center gap-(--ui-control-gap)">
    <!--v-if-->
    <p data-slot="user-name" class="font-medium text-strong text-xs">Benjamin Canac</p>
    <p data-slot="user-description" class="text-muted text-xs">Software Engineer</p>
  </div>
</div>"
`;

exports[`User > renders with to correctly 1`] = `
"<div data-orientation="horizontal" data-slot="user" class="relative group/user gap-(--ui-control-gap) flex items-center rounded-md outline-focus has-focus-visible:outline-3 transition [--ui-control-gap:--spacing(2)]"><span data-slot="user-avatar" class="inline-flex items-center justify-center select-none rounded-full align-middle bg-accent-soft size-(--ui-control-size) [--ui-accent:var(--ui-neutral)] [--ui-control-size:--spacing(8)] text-base shrink-0 transform transition-transform ease-out motion-reduce:transition-none group-hover/user:scale-115 group-has-focus-visible/user:scale-115"><img src="https://github.com/benjamincanac.png" alt="User avatar" width="32" height="32" data-slot="avatar-image" class="size-full rounded-[inherit] object-cover"></span>
  <div data-slot="user-wrapper" class=""><a href="https://github.com/benjamincanac" rel="noopener noreferrer" aria-label="Benjamin Canac" class="focus:outline-none peer"><span class="absolute inset-0" aria-hidden="true"></span></a>
    <p data-slot="user-name" class="font-medium text-default peer-hover:text-strong peer-focus-visible:text-strong transition-colors text-sm">Benjamin Canac</p>
    <p data-slot="user-description" class="text-muted peer-hover:text-default peer-focus-visible:text-default transition-colors text-xs">Software Engineer</p>
  </div>
</div>"
`;

exports[`User > renders with ui correctly 1`] = `
"<div data-orientation="horizontal" data-slot="user" class="relative group/user gap-(--ui-control-gap) flex items-center [--ui-control-gap:--spacing(2)]"><span data-slot="user-avatar" class="inline-flex items-center justify-center select-none rounded-full align-middle bg-accent-soft size-(--ui-control-size) [--ui-accent:var(--ui-neutral)] [--ui-control-size:--spacing(8)] text-base shrink-0"><img src="https://github.com/benjamincanac.png" alt="User avatar" width="32" height="32" data-slot="avatar-image" class="size-full rounded-[inherit] object-cover"></span>
  <div data-slot="user-wrapper" class="">
    <!--v-if-->
    <p data-slot="user-name" class="text-strong text-sm font-bold">Benjamin Canac</p>
    <p data-slot="user-description" class="text-muted text-xs">Software Engineer</p>
  </div>
</div>"
`;
